[
  {
    "id": 3,
    "name": "Jeu Harry Potter",
    "description": "Harry Potter et la coupe de feu. Jeu Nintendo Gamecube. Complet,\ntr\u00e8s bon \u00e9tat",
    "published_date": "2018-05-28",
    "user_id": 1,
    "views": 65,
    "picture": "3.jpeg",
    "ville_id": 28153,
    "contact_count": 0,
    "is_donated": 0,
    "is_activated": 1,
    "ville_nom_reel": "Lyon",
    "ville_code_postal": "69001-69002-69003-69004-69005-69006-69007-69008-69009"
  },
  {
    "id": 5,
    "name": "Cluedo Games of Thrones",
    "description": "Jeu de soci\u00e9t\u00e9 Cluedo Games of Thrones en tr\u00e8s bon \u00e9tat. nous n\u2019y avons jou\u00e9 que quelques fois, et j\u2019ai entre temps eu le coup de c\u0153ur pour le Cluedo Harry Potter.\nje me s\u00e9pare donc de celui ci pour acheter l\u2019autre version :)",
    "published_date": "2018-05-28",
    "user_id": 1,
    "views": 8,
    "picture": "5.jpeg",
    "ville_id": 29963,
    "contact_count": 0,
    "is_donated": 0,
    "is_activated": 1,
    "ville_nom_reel": "Chamb\u00e9ry",
    "ville_code_postal": "73000"
  },
  {
    "id": 6,
    "name": "Jeu de boules",
    "description": "Mini boules de p\u00e9tanque. Bo\u00eete contenant 6 boules de p\u00e9tanque un cochonnet et une ficelle pour mesurer.\nEn bon \u00e9tat.",
    "published_date": "2018-05-28",
    "user_id": 1,
    "views": 8,
    "picture": "6.jpeg",
    "ville_id": 29963,
    "contact_count": 0,
    "is_donated": 0,
    "is_activated": 1,
    "ville_nom_reel": "Chamb\u00e9ry",
    "ville_code_postal": "73000"
  }
]