[
  {
    "id": 1,
    "name": "Mappemonde \u00e0 gratter",
    "description": "Carte du monde \u00e0 gratter. Neuve dans son emballage d\u2019origine",
    "published_date": "2018-05-28",
    "user_id": 1,
    "views": 4,
    "picture": "1.jpeg",
    "ville_id": 28153,
    "contact_count": 0,
    "is_donated": 0,
    "is_activated": 1,
    "ville_latitude_deg": 45.7589,
    "ville_longitude_deg": 4.84139,
    "distance": 4.193042834021053
  },
  {
    "id": 2,
    "name": "Guide Berlin",
    "description": "Guide de voyage Lonely Planet. Petit format\npas de plan d\u00e9tachable",
    "published_date": "2018-05-28",
    "user_id": 1,
    "views": 29,
    "picture": "2.jpeg",
    "ville_id": 28153,
    "contact_count": 0,
    "is_donated": 0,
    "is_activated": 1,
    "ville_latitude_deg": 45.7589,
    "ville_longitude_deg": 4.84139,
    "distance": 4.193042834021053
  },
  {
    "id": 3,
    "name": "Jeu Harry Potter",
    "description": "Harry Potter et la coupe de feu. Jeu Nintendo Gamecube. Complet,\ntr\u00e8s bon \u00e9tat",
    "published_date": "2018-05-28",
    "user_id": 1,
    "views": 65,
    "picture": "3.jpeg",
    "ville_id": 28153,
    "contact_count": 0,
    "is_donated": 0,
    "is_activated": 1,
    "ville_latitude_deg": 45.7589,
    "ville_longitude_deg": 4.84139,
    "distance": 4.193042834021053
  },
  {
    "id": 25,
    "name": "Boite airpods",
    "description": "J'ai cass\u00e9 un ecouteur il me reste juste la boite alors je la donne",
    "published_date": "2018-05-28",
    "user_id": 2,
    "views": 26,
    "picture": "25.jpeg",
    "ville_id": 28153,
    "contact_count": 0,
    "is_donated": 0,
    "is_activated": 1,
    "ville_latitude_deg": 45.7589,
    "ville_longitude_deg": 4.84139,
    "distance": 4.193042834021053
  },
  {
    "id": 22,
    "name": "Montre femme",
    "description": "Montre pour femme avec un bracelet dor\u00e9 r\u00e9glable selon votre poignet. Elle poss\u00e8de un tr\u00e8s jolie cadrant en marbre noir et blanc. Cette derni\u00e8re est toute fois assez grosse. Jamais port\u00e9e.",
    "published_date": "2018-05-28",
    "user_id": 2,
    "views": 22,
    "picture": "22.jpeg",
    "ville_id": 28339,
    "contact_count": 0,
    "is_donated": 0,
    "is_activated": 1,
    "ville_latitude_deg": 45.7333,
    "ville_longitude_deg": 4.8,
    "distance": 8.484230276363812
  },
  {
    "id": 23,
    "name": "Produit beaut\u00e9",
    "description": "Eau micellaire d\u00e9maquillante Yves Rocher. Neuf jamais ouvert",
    "published_date": "2018-05-28",
    "user_id": 2,
    "views": 24,
    "picture": "23.jpeg",
    "ville_id": 28339,
    "contact_count": 0,
    "is_donated": 0,
    "is_activated": 1,
    "ville_latitude_deg": 45.7333,
    "ville_longitude_deg": 4.8,
    "distance": 8.484230276363812
  },
  {
    "id": 24,
    "name": "Sac noir",
    "description": "Petite sacoche noire simple neuve. Jamais port\u00e9e",
    "published_date": "2018-05-28",
    "user_id": 2,
    "views": 24,
    "picture": "24.jpeg",
    "ville_id": 28339,
    "contact_count": 0,
    "is_donated": 0,
    "is_activated": 1,
    "ville_latitude_deg": 45.7333,
    "ville_longitude_deg": 4.8,
    "distance": 8.484230276363812
  }
]