[
  {
    "id": 1,
    "name": "Mappemonde \u00e0 gratter",
    "description": "Carte du monde \u00e0 gratter. Neuve dans son emballage d\u2019origine",
    "published_date": "2018-05-28",
    "user_id": 1,
    "views": 4,
    "picture": "1.jpeg",
    "ville_id": 28153,
    "contact_count": 0,
    "is_donated": 0,
    "is_activated": 1
  },
  {
    "id": 2,
    "name": "Guide Berlin",
    "description": "Guide de voyage Lonely Planet. Petit format\npas de plan d\u00e9tachable",
    "published_date": "2018-05-28",
    "user_id": 1,
    "views": 29,
    "picture": "2.jpeg",
    "ville_id": 28153,
    "contact_count": 0,
    "is_donated": 0,
    "is_activated": 1
  },
  {
    "id": 3,
    "name": "Jeu Harry Potter",
    "description": "Harry Potter et la coupe de feu. Jeu Nintendo Gamecube. Complet,\ntr\u00e8s bon \u00e9tat",
    "published_date": "2018-05-28",
    "user_id": 1,
    "views": 65,
    "picture": "3.jpeg",
    "ville_id": 28153,
    "contact_count": 0,
    "is_donated": 0,
    "is_activated": 1
  },
  {
    "id": 4,
    "name": "Peinture Cheval",
    "description": "Tableau num\u00e9ro d\u2019art cheval. Fait main",
    "published_date": "2018-05-28",
    "user_id": 1,
    "views": 7,
    "picture": "4.jpeg",
    "ville_id": 29963,
    "contact_count": 0,
    "is_donated": 0,
    "is_activated": 1
  },
  {
    "id": 5,
    "name": "Cluedo Games of Thrones",
    "description": "Jeu de soci\u00e9t\u00e9 Cluedo Games of Thrones en tr\u00e8s bon \u00e9tat. nous n\u2019y avons jou\u00e9 que quelques fois, et j\u2019ai entre temps eu le coup de c\u0153ur pour le Cluedo Harry Potter.\nje me s\u00e9pare donc de celui ci pour acheter l\u2019autre version :)",
    "published_date": "2018-05-28",
    "user_id": 1,
    "views": 8,
    "picture": "5.jpeg",
    "ville_id": 29963,
    "contact_count": 0,
    "is_donated": 0,
    "is_activated": 1
  },
  {
    "id": 6,
    "name": "Jeu de boules",
    "description": "Mini boules de p\u00e9tanque. Bo\u00eete contenant 6 boules de p\u00e9tanque un cochonnet et une ficelle pour mesurer.\nEn bon \u00e9tat.",
    "published_date": "2018-05-28",
    "user_id": 1,
    "views": 8,
    "picture": "6.jpeg",
    "ville_id": 29963,
    "contact_count": 0,
    "is_donated": 0,
    "is_activated": 1
  },
  {
    "id": 7,
    "name": "Livre",
    "description": "La d\u00e9claration de Gemma Malley. Lu une fois. Tr\u00e8s bon \u00e9tat",
    "published_date": "2018-05-28",
    "user_id": 1,
    "views": 9,
    "picture": "7.jpeg",
    "ville_id": 30438,
    "contact_count": 0,
    "is_donated": 0,
    "is_activated": 1
  },
  {
    "id": 8,
    "name": "Puzzle Harry Potter",
    "description": "Donne puzzle 1000 pi\u00e8ces Fantastic Beast - Neuf, dans son emballage d\u2019origine",
    "published_date": "2018-05-28",
    "user_id": 1,
    "views": 14,
    "picture": "8.jpeg",
    "ville_id": 30438,
    "contact_count": 0,
    "is_donated": 0,
    "is_activated": 1
  },
  {
    "id": 9,
    "name": "Cadre New York",
    "description": "Donne cadre en toile plastifi\u00e9e, Taxis New York 100 \u00d7 50. J'en veux plus ",
    "published_date": "2018-05-28",
    "user_id": 1,
    "views": 9,
    "picture": "9.jpeg",
    "ville_id": 30438,
    "contact_count": 0,
    "is_donated": 0,
    "is_activated": 1
  },
  {
    "id": 10,
    "name": "Calculatrice",
    "description": "Calculatrice Casio, je donne car erreur de mod\u00e8le.",
    "published_date": "2018-05-28",
    "user_id": 1,
    "views": 11,
    "picture": "10.jpeg",
    "ville_id": 30171,
    "contact_count": 0,
    "is_donated": 0,
    "is_activated": 1
  },
  {
    "id": 11,
    "name": "Djemb\u00e9",
    "description": "Djemb\u00e9 en bois peu servi.\n",
    "published_date": "2018-05-28",
    "user_id": 1,
    "views": 15,
    "picture": "11.jpeg",
    "ville_id": 30171,
    "contact_count": 0,
    "is_donated": 0,
    "is_activated": 1
  },
  {
    "id": 12,
    "name": "Pull de noel",
    "description": "pull de noel Coca Cola th\u00e8me du ski, taille xs chez les hommes donc je dirais un s chez les femmes. Jamais port\u00e9 car trop petit !",
    "published_date": "2018-05-28",
    "user_id": 1,
    "views": 13,
    "picture": "12.jpeg",
    "ville_id": 30171,
    "contact_count": 0,
    "is_donated": 0,
    "is_activated": 1
  },
  {
    "id": 13,
    "name": "Taie d'oreiller",
    "description": "Je donne cette belle taie d\u2019oreiller, de chez h&m. Tr\u00e8s bon \u00e9tat. Dimensions : 47x47cm",
    "published_date": "2018-05-28",
    "user_id": 1,
    "views": 13,
    "picture": "13.jpeg",
    "ville_id": 15796,
    "contact_count": 0,
    "is_donated": 0,
    "is_activated": 1
  },
  {
    "id": 14,
    "name": "Beau Livre",
    "description": "The Grand Tour des \u00e9ditions taschen. Dans sa bo\u00eete cartonn\u00e9e ! Attention grand format : 41\u00d730\u00d77 - 8 kilos.",
    "published_date": "2018-05-28",
    "user_id": 1,
    "views": 17,
    "picture": "14.jpeg",
    "ville_id": 15796,
    "contact_count": 0,
    "is_donated": 0,
    "is_activated": 1
  },
  {
    "id": 15,
    "name": "Mules Minelli",
    "description": "jamais port\u00e9es. elles me sont trop petites. elles sont \u00e9troites",
    "published_date": "2018-05-28",
    "user_id": 1,
    "views": 15,
    "picture": "15.jpeg",
    "ville_id": 15796,
    "contact_count": 0,
    "is_donated": 0,
    "is_activated": 1
  },
  {
    "id": 16,
    "name": "Bougie",
    "description": "Bougie Bath&Body Works. 3 M\u00e8ches Pure White Cotton. Sent la lessive",
    "published_date": "2018-05-28",
    "user_id": 1,
    "views": 16,
    "picture": "16.jpeg",
    "ville_id": 4440,
    "contact_count": 0,
    "is_donated": 0,
    "is_activated": 1
  },
  {
    "id": 17,
    "name": "Figurines Harry Potter",
    "description": "minifigures harry potter de dumbledore avec le sachet et le collecteur au niveau des baguettes il y a le lien pour les attacher",
    "published_date": "2018-05-28",
    "user_id": 1,
    "views": 17,
    "picture": "17.jpeg",
    "ville_id": 4440,
    "contact_count": 0,
    "is_donated": 0,
    "is_activated": 1
  },
  {
    "id": 18,
    "name": "Peluche R2D2",
    "description": "Presque jamais utilis\u00e9.",
    "published_date": "2018-05-28",
    "user_id": 1,
    "views": 18,
    "picture": "18.jpeg",
    "ville_id": 4440,
    "contact_count": 0,
    "is_donated": 0,
    "is_activated": 1
  },
  {
    "id": 19,
    "name": "Carte pokemon",
    "description": "\u00e9tat passable. Carte Lugia",
    "published_date": "2018-05-28",
    "user_id": 1,
    "views": 23,
    "picture": "19.jpeg",
    "ville_id": 12679,
    "contact_count": 0,
    "is_donated": 0,
    "is_activated": 1
  },
  {
    "id": 20,
    "name": "Moules Muffin",
    "description": "9 moules \u00e0 muffins",
    "published_date": "2018-05-28",
    "user_id": 1,
    "views": 21,
    "picture": "20.jpeg",
    "ville_id": 12679,
    "contact_count": 0,
    "is_donated": 0,
    "is_activated": 1
  },
  {
    "id": 21,
    "name": "Meuble",
    "description": "beau meuble en fer forg\u00e9",
    "published_date": "2018-05-28",
    "user_id": 1,
    "views": 22,
    "picture": "21.jpeg",
    "ville_id": 12679,
    "contact_count": 0,
    "is_donated": 0,
    "is_activated": 1
  },
  {
    "id": 22,
    "name": "Montre femme",
    "description": "Montre pour femme avec un bracelet dor\u00e9 r\u00e9glable selon votre poignet. Elle poss\u00e8de un tr\u00e8s jolie cadrant en marbre noir et blanc. Cette derni\u00e8re est toute fois assez grosse. Jamais port\u00e9e.",
    "published_date": "2018-05-28",
    "user_id": 2,
    "views": 22,
    "picture": "22.jpeg",
    "ville_id": 28339,
    "contact_count": 0,
    "is_donated": 0,
    "is_activated": 1
  },
  {
    "id": 23,
    "name": "Produit beaut\u00e9",
    "description": "Eau micellaire d\u00e9maquillante Yves Rocher. Neuf jamais ouvert",
    "published_date": "2018-05-28",
    "user_id": 2,
    "views": 24,
    "picture": "23.jpeg",
    "ville_id": 28339,
    "contact_count": 0,
    "is_donated": 0,
    "is_activated": 1
  },
  {
    "id": 24,
    "name": "Sac noir",
    "description": "Petite sacoche noire simple neuve. Jamais port\u00e9e",
    "published_date": "2018-05-28",
    "user_id": 2,
    "views": 24,
    "picture": "24.jpeg",
    "ville_id": 28339,
    "contact_count": 0,
    "is_donated": 0,
    "is_activated": 1
  },
  {
    "id": 25,
    "name": "Boite airpods",
    "description": "J'ai cass\u00e9 un ecouteur il me reste juste la boite alors je la donne",
    "published_date": "2018-05-28",
    "user_id": 2,
    "views": 26,
    "picture": "25.jpeg",
    "ville_id": 28153,
    "contact_count": 0,
    "is_donated": 0,
    "is_activated": 1
  },
  {
    "id": 26,
    "name": "VHS Destination Finale",
    "description": "Cassette vid\u00e9o horreur bon \u00e9tat VHS. Marche toujours",
    "published_date": "2018-05-28",
    "user_id": 2,
    "views": 27,
    "picture": "26.jpeg",
    "ville_id": 29963,
    "contact_count": 0,
    "is_donated": 0,
    "is_activated": 1
  },
  {
    "id": 27,
    "name": "Porte-cl\u00e9s",
    "description": "Porte-cl\u00e9s f\u00e9tiche arumbaya vu dans une BD Tintin",
    "published_date": "2018-05-28",
    "user_id": 2,
    "views": 27,
    "picture": "27.jpeg",
    "ville_id": 30438,
    "contact_count": 0,
    "is_donated": 0,
    "is_activated": 1
  },
  {
    "id": 28,
    "name": "Manteau Desigual",
    "description": "Neuf. Taille 42 mais taille un peu petit. Correspond \u00e0 un S. Parfait pour une prof d'espagnol",
    "published_date": "2018-05-28",
    "user_id": 2,
    "views": 28,
    "picture": "28.jpeg",
    "ville_id": 30171,
    "contact_count": 0,
    "is_donated": 0,
    "is_activated": 1
  },
  {
    "id": 29,
    "name": "Cintres",
    "description": "Cintres en aluminium, parfaits pour les pantalons et les jupes. J'en ai plus de 80 si vous en voulez plus.",
    "published_date": "2018-05-28",
    "user_id": 2,
    "views": 30,
    "picture": "29.jpeg",
    "ville_id": 15796,
    "contact_count": 0,
    "is_donated": 0,
    "is_activated": 1
  },
  {
    "id": 30,
    "name": "Chaise de bureau",
    "description": "chaise de bureau rose. pour enfant",
    "published_date": "2018-05-28",
    "user_id": 2,
    "views": 30,
    "picture": "30.jpeg",
    "ville_id": 4440,
    "contact_count": 0,
    "is_donated": 0,
    "is_activated": 1
  },
  {
    "id": 31,
    "name": "Tapis enfant",
    "description": "Tapis d'\u00e9paisseur moquette. Cadre cousu. Dessous caoutchou. Longueur : 1,20m. Largeur : 80cm",
    "published_date": "2018-05-28",
    "user_id": 2,
    "views": 33,
    "picture": "31.jpeg",
    "ville_id": 12679,
    "contact_count": 0,
    "is_donated": 0,
    "is_activated": 1
  }
]