{
  "463": "Ly-Fontaine",
  "2181": "Lyas",
  "30386": "Lyaud",
  "13915": "Lye",
  "23141": "Lynde",
  "28687": "Lyoffans",
  "28153": "Lyon",
  "10418": "Lyons-la-For\u00eat",
  "22623": "Lys",
  "26326": "Lys",
  "22884": "Lys-lez-Lannoy",
  "14005": "Lys-Saint-Georges"
}