[
  {
    "username": "L\u00e9o Paillard",
    "nombre_d_articles": 21
  },
  {
    "username": "Michel Gagnant",
    "nombre_d_articles": 10
  }
]