[
  {
    "name": "Jeu Harry Potter",
    "views": 65
  },
  {
    "name": "Tapis enfant",
    "views": 33
  },
  {
    "name": "Cintres",
    "views": 30
  },
  {
    "name": "Chaise de bureau",
    "views": 30
  },
  {
    "name": "Guide Berlin",
    "views": 29
  }
]