[
  {
    "name": "Guide Berlin",
    "contact_count": 0
  },
  {
    "name": "Jeu Harry Potter",
    "contact_count": 0
  },
  {
    "name": "Peinture Cheval",
    "contact_count": 0
  },
  {
    "name": "Cluedo Games of Thrones",
    "contact_count": 0
  },
  {
    "name": "Jeu de boules",
    "contact_count": 0
  }
]