{
  "user_count": 2,
  "online_article_count": 31,
  "given_article_count": 0,
  "total_article_count": 31
}